REGEN START 2026-06-07T22:10:27.780Z · 50/combo · 5×5 combos
generateQuiz attempt 1/3 failed (MALFORMED_RESPONSE), retrying in 500ms
generateQuiz attempt 1/3 failed (MALFORMED_RESPONSE), retrying in 500ms
generateQuiz attempt 1/3 failed (MALFORMED_RESPONSE), retrying in 500ms
generateQuiz attempt 1/3 failed (MALFORMED_RESPONSE), retrying in 500ms
generateQuiz attempt 1/3 failed (MALFORMED_RESPONSE), retrying in 500ms
generateQuiz attempt 2/3 failed (MALFORMED_RESPONSE), retrying in 1000ms
generateQuiz attempt 1/3 failed (MALFORMED_RESPONSE), retrying in 500ms
generateQuiz attempt 1/3 failed (MALFORMED_RESPONSE), retrying in 500ms
generateQuiz attempt 1/3 failed (MALFORMED_RESPONSE), retrying in 500ms
generateQuiz attempt 1/3 failed (MALFORMED_RESPONSE), retrying in 500ms
generateQuiz attempt 2/3 failed (MALFORMED_RESPONSE), retrying in 1000ms
generateQuiz attempt 1/3 failed (MALFORMED_RESPONSE), retrying in 500ms
generateQuiz attempt 1/3 failed (MALFORMED_RESPONSE), retrying in 500ms
  N1/en: generated 50, inserted 50  [running total inserted 50, failed 0]
generateQuiz attempt 1/3 failed (MALFORMED_RESPONSE), retrying in 500ms
generateQuiz attempt 1/3 failed (MALFORMED_RESPONSE), retrying in 500ms
generateQuiz attempt 2/3 failed (MALFORMED_RESPONSE), retrying in 1000ms
generateQuiz attempt 1/3 failed (MALFORMED_RESPONSE), retrying in 500ms
generateQuiz attempt 1/3 failed (MALFORMED_RESPONSE), retrying in 500ms
generateQuiz attempt 1/3 failed (MALFORMED_RESPONSE), retrying in 500ms
generateQuiz attempt 1/3 failed (MALFORMED_RESPONSE), retrying in 500ms
generateQuiz attempt 1/3 failed (MALFORMED_RESPONSE), retrying in 500ms
  N1/zh: generated 49, inserted 49  [running total inserted 99, failed 1]
generateQuiz attempt 1/3 failed (MALFORMED_RESPONSE), retrying in 500ms
generateQuiz attempt 2/3 failed (MALFORMED_RESPONSE), retrying in 1000ms
generateQuiz attempt 1/3 failed (MALFORMED_RESPONSE), retrying in 500ms
generateQuiz attempt 2/3 failed (MALFORMED_RESPONSE), retrying in 1000ms
generateQuiz attempt 1/3 failed (MALFORMED_RESPONSE), retrying in 500ms
generateQuiz attempt 2/3 failed (MALFORMED_RESPONSE), retrying in 1000ms
generateQuiz attempt 1/3 failed (MALFORMED_RESPONSE), retrying in 500ms
generateQuiz attempt 2/3 failed (MALFORMED_RESPONSE), retrying in 1000ms
generateQuiz attempt 1/3 failed (MALFORMED_RESPONSE), retrying in 500ms
generateQuiz attempt 1/3 failed (MALFORMED_RESPONSE), retrying in 500ms
generateQuiz attempt 1/3 failed (MALFORMED_RESPONSE), retrying in 500ms
generateQuiz attempt 1/3 failed (MALFORMED_RESPONSE), retrying in 500ms
generateQuiz attempt 1/3 failed (MALFORMED_RESPONSE), retrying in 500ms
generateQuiz attempt 1/3 failed (MALFORMED_RESPONSE), retrying in 500ms
generateQuiz attempt 1/3 failed (MALFORMED_RESPONSE), retrying in 500ms
  N1/es: generated 48, inserted 48  [running total inserted 147, failed 3]
generateQuiz attempt 1/3 failed (MALFORMED_RESPONSE), retrying in 500ms
generateQuiz attempt 1/3 failed (MALFORMED_RESPONSE), retrying in 500ms
generateQuiz attempt 1/3 failed (MALFORMED_RESPONSE), retrying in 500ms
generateQuiz attempt 2/3 failed (MALFORMED_RESPONSE), retrying in 1000ms
generateQuiz attempt 1/3 failed (MALFORMED_RESPONSE), retrying in 500ms
generateQuiz attempt 2/3 failed (MALFORMED_RESPONSE), retrying in 1000ms
generateQuiz attempt 1/3 failed (MALFORMED_RESPONSE), retrying in 500ms
generateQuiz attempt 1/3 failed (MALFORMED_RESPONSE), retrying in 500ms
generateQuiz attempt 1/3 failed (MALFORMED_RESPONSE), retrying in 500ms
generateQuiz attempt 1/3 failed (MALFORMED_RESPONSE), retrying in 500ms
generateQuiz attempt 1/3 failed (MALFORMED_RESPONSE), retrying in 500ms
generateQuiz attempt 1/3 failed (MALFORMED_RESPONSE), retrying in 500ms
  N1/th: generated 49, inserted 49  [running total inserted 196, failed 4]
generateQuiz attempt 1/3 failed (MALFORMED_RESPONSE), retrying in 500ms
generateQuiz attempt 2/3 failed (MALFORMED_RESPONSE), retrying in 1000ms
generateQuiz attempt 1/3 failed (MALFORMED_RESPONSE), retrying in 500ms
generateQuiz attempt 1/3 failed (MALFORMED_RESPONSE), retrying in 500ms
generateQuiz attempt 1/3 failed (MALFORMED_RESPONSE), retrying in 500ms
generateQuiz attempt 1/3 failed (MALFORMED_RESPONSE), retrying in 500ms
generateQuiz attempt 1/3 failed (MALFORMED_RESPONSE), retrying in 500ms
generateQuiz attempt 1/3 failed (MALFORMED_RESPONSE), retrying in 500ms
generateQuiz attempt 1/3 failed (MALFORMED_RESPONSE), retrying in 500ms
generateQuiz attempt 2/3 failed (MALFORMED_RESPONSE), retrying in 1000ms
  N1/id: generated 50, inserted 50  [running total inserted 246, failed 4]
generateQuiz attempt 1/3 failed (MALFORMED_RESPONSE), retrying in 500ms
generateQuiz attempt 1/3 failed (MALFORMED_RESPONSE), retrying in 500ms
generateQuiz attempt 1/3 failed (MALFORMED_RESPONSE), retrying in 500ms
generateQuiz attempt 2/3 failed (MALFORMED_RESPONSE), retrying in 1000ms
generateQuiz attempt 1/3 failed (MALFORMED_RESPONSE), retrying in 500ms
generateQuiz attempt 1/3 failed (MALFORMED_RESPONSE), retrying in 500ms
generateQuiz attempt 1/3 failed (MALFORMED_RESPONSE), retrying in 500ms
generateQuiz attempt 1/3 failed (MALFORMED_RESPONSE), retrying in 500ms
generateQuiz attempt 2/3 failed (MALFORMED_RESPONSE), retrying in 1000ms
generateQuiz attempt 1/3 failed (MALFORMED_RESPONSE), retrying in 500ms
generateQuiz attempt 2/3 failed (MALFORMED_RESPONSE), retrying in 1000ms
generateQuiz attempt 1/3 failed (MALFORMED_RESPONSE), retrying in 500ms
generateQuiz attempt 1/3 failed (MALFORMED_RESPONSE), retrying in 500ms
generateQuiz attempt 1/3 failed (MALFORMED_RESPONSE), retrying in 500ms
generateQuiz attempt 1/3 failed (MALFORMED_RESPONSE), retrying in 500ms
generateQuiz attempt 2/3 failed (MALFORMED_RESPONSE), retrying in 1000ms
generateQuiz attempt 1/3 failed (MALFORMED_RESPONSE), retrying in 500ms
generateQuiz attempt 2/3 failed (MALFORMED_RESPONSE), retrying in 1000ms
generateQuiz attempt 1/3 failed (MALFORMED_RESPONSE), retrying in 500ms
generateQuiz attempt 1/3 failed (MALFORMED_RESPONSE), retrying in 500ms
generateQuiz attempt 1/3 failed (MALFORMED_RESPONSE), retrying in 500ms
generateQuiz attempt 1/3 failed (MALFORMED_RESPONSE), retrying in 500ms
generateQuiz attempt 1/3 failed (MALFORMED_RESPONSE), retrying in 500ms
  N2/en: generated 49, inserted 49  [running total inserted 295, failed 5]
generateQuiz attempt 1/3 failed (MALFORMED_RESPONSE), retrying in 500ms
generateQuiz attempt 1/3 failed (MALFORMED_RESPONSE), retrying in 500ms
generateQuiz attempt 2/3 failed (MALFORMED_RESPONSE), retrying in 1000ms
generateQuiz attempt 1/3 failed (MALFORMED_RESPONSE), retrying in 500ms
generateQuiz attempt 2/3 failed (MALFORMED_RESPONSE), retrying in 1000ms
generateQuiz attempt 1/3 failed (MALFORMED_RESPONSE), retrying in 500ms
generateQuiz attempt 2/3 failed (MALFORMED_RESPONSE), retrying in 1000ms
generateQuiz attempt 1/3 failed (MALFORMED_RESPONSE), retrying in 500ms
generateQuiz attempt 2/3 failed (MALFORMED_RESPONSE), retrying in 1000ms
generateQuiz attempt 1/3 failed (MALFORMED_RESPONSE), retrying in 500ms
generateQuiz attempt 2/3 failed (MALFORMED_RESPONSE), retrying in 1000ms
generateQuiz attempt 1/3 failed (MALFORMED_RESPONSE), retrying in 500ms
generateQuiz attempt 2/3 failed (MALFORMED_RESPONSE), retrying in 1000ms
generateQuiz attempt 1/3 failed (MALFORMED_RESPONSE), retrying in 500ms
generateQuiz attempt 1/3 failed (MALFORMED_RESPONSE), retrying in 500ms
generateQuiz attempt 2/3 failed (MALFORMED_RESPONSE), retrying in 1000ms
generateQuiz attempt 1/3 failed (MALFORMED_RESPONSE), retrying in 500ms
generateQuiz attempt 1/3 failed (MALFORMED_RESPONSE), retrying in 500ms
generateQuiz attempt 1/3 failed (MALFORMED_RESPONSE), retrying in 500ms
generateQuiz attempt 1/3 failed (MALFORMED_RESPONSE), retrying in 500ms
generateQuiz attempt 1/3 failed (MALFORMED_RESPONSE), retrying in 500ms
  N2/zh: generated 48, inserted 48  [running total inserted 343, failed 7]
generateQuiz attempt 1/3 failed (MALFORMED_RESPONSE), retrying in 500ms
generateQuiz attempt 1/3 failed (MALFORMED_RESPONSE), retrying in 500ms
generateQuiz attempt 1/3 failed (MALFORMED_RESPONSE), retrying in 500ms
generateQuiz attempt 1/3 failed (MALFORMED_RESPONSE), retrying in 500ms
generateQuiz attempt 1/3 failed (MALFORMED_RESPONSE), retrying in 500ms
generateQuiz attempt 1/3 failed (MALFORMED_RESPONSE), retrying in 500ms
generateQuiz attempt 1/3 failed (MALFORMED_RESPONSE), retrying in 500ms
generateQuiz attempt 2/3 failed (MALFORMED_RESPONSE), retrying in 1000ms
generateQuiz attempt 1/3 failed (MALFORMED_RESPONSE), retrying in 500ms
generateQuiz attempt 1/3 failed (MALFORMED_RESPONSE), retrying in 500ms
generateQuiz attempt 1/3 failed (MALFORMED_RESPONSE), retrying in 500ms
generateQuiz attempt 1/3 failed (MALFORMED_RESPONSE), retrying in 500ms
generateQuiz attempt 2/3 failed (MALFORMED_RESPONSE), retrying in 1000ms
generateQuiz attempt 1/3 failed (MALFORMED_RESPONSE), retrying in 500ms
generateQuiz attempt 1/3 failed (MALFORMED_RESPONSE), retrying in 500ms
generateQuiz attempt 2/3 failed (MALFORMED_RESPONSE), retrying in 1000ms
generateQuiz attempt 1/3 failed (MALFORMED_RESPONSE), retrying in 500ms
  N2/es: generated 48, inserted 48  [running total inserted 391, failed 9]
generateQuiz attempt 1/3 failed (MALFORMED_RESPONSE), retrying in 500ms
generateQuiz attempt 1/3 failed (MALFORMED_RESPONSE), retrying in 500ms
generateQuiz attempt 2/3 failed (MALFORMED_RESPONSE), retrying in 1000ms
generateQuiz attempt 1/3 failed (MALFORMED_RESPONSE), retrying in 500ms
generateQuiz attempt 2/3 failed (MALFORMED_RESPONSE), retrying in 1000ms
generateQuiz attempt 1/3 failed (MALFORMED_RESPONSE), retrying in 500ms
generateQuiz attempt 1/3 failed (MALFORMED_RESPONSE), retrying in 500ms
generateQuiz attempt 1/3 failed (MALFORMED_RESPONSE), retrying in 500ms
generateQuiz attempt 1/3 failed (MALFORMED_RESPONSE), retrying in 500ms
generateQuiz attempt 2/3 failed (MALFORMED_RESPONSE), retrying in 1000ms
generateQuiz attempt 1/3 failed (MALFORMED_RESPONSE), retrying in 500ms
generateQuiz attempt 1/3 failed (MALFORMED_RESPONSE), retrying in 500ms
generateQuiz attempt 1/3 failed (MALFORMED_RESPONSE), retrying in 500ms
generateQuiz attempt 1/3 failed (MALFORMED_RESPONSE), retrying in 500ms
generateQuiz attempt 1/3 failed (MALFORMED_RESPONSE), retrying in 500ms
generateQuiz attempt 1/3 failed (MALFORMED_RESPONSE), retrying in 500ms
generateQuiz attempt 1/3 failed (MALFORMED_RESPONSE), retrying in 500ms
generateQuiz attempt 1/3 failed (MALFORMED_RESPONSE), retrying in 500ms
  N2/th: generated 50, inserted 50  [running total inserted 441, failed 9]
generateQuiz attempt 1/3 failed (MALFORMED_RESPONSE), retrying in 500ms
generateQuiz attempt 1/3 failed (MALFORMED_RESPONSE), retrying in 500ms
generateQuiz attempt 1/3 failed (MALFORMED_RESPONSE), retrying in 500ms
generateQuiz attempt 1/3 failed (MALFORMED_RESPONSE), retrying in 500ms
generateQuiz attempt 1/3 failed (MALFORMED_RESPONSE), retrying in 500ms
generateQuiz attempt 1/3 failed (MALFORMED_RESPONSE), retrying in 500ms
generateQuiz attempt 1/3 failed (MALFORMED_RESPONSE), retrying in 500ms
generateQuiz attempt 2/3 failed (MALFORMED_RESPONSE), retrying in 1000ms
generateQuiz attempt 1/3 failed (MALFORMED_RESPONSE), retrying in 500ms
generateQuiz attempt 2/3 failed (MALFORMED_RESPONSE), retrying in 1000ms
generateQuiz attempt 1/3 failed (MALFORMED_RESPONSE), retrying in 500ms
  N2/id: generated 49, inserted 49  [running total inserted 490, failed 10]
generateQuiz attempt 1/3 failed (MALFORMED_RESPONSE), retrying in 500ms
generateQuiz attempt 1/3 failed (MALFORMED_RESPONSE), retrying in 500ms
generateQuiz attempt 1/3 failed (MALFORMED_RESPONSE), retrying in 500ms
generateQuiz attempt 2/3 failed (MALFORMED_RESPONSE), retrying in 1000ms
generateQuiz attempt 1/3 failed (MALFORMED_RESPONSE), retrying in 500ms
generateQuiz attempt 1/3 failed (MALFORMED_RESPONSE), retrying in 500ms
generateQuiz attempt 1/3 failed (MALFORMED_RESPONSE), retrying in 500ms
generateQuiz attempt 1/3 failed (MALFORMED_RESPONSE), retrying in 500ms
generateQuiz attempt 1/3 failed (MALFORMED_RESPONSE), retrying in 500ms
generateQuiz attempt 1/3 failed (MALFORMED_RESPONSE), retrying in 500ms
generateQuiz attempt 2/3 failed (MALFORMED_RESPONSE), retrying in 1000ms
generateQuiz attempt 1/3 failed (MALFORMED_RESPONSE), retrying in 500ms
generateQuiz attempt 2/3 failed (MALFORMED_RESPONSE), retrying in 1000ms
generateQuiz attempt 1/3 failed (MALFORMED_RESPONSE), retrying in 500ms
generateQuiz attempt 2/3 failed (MALFORMED_RESPONSE), retrying in 1000ms
generateQuiz attempt 1/3 failed (MALFORMED_RESPONSE), retrying in 500ms
generateQuiz attempt 2/3 failed (MALFORMED_RESPONSE), retrying in 1000ms
generateQuiz attempt 1/3 failed (MALFORMED_RESPONSE), retrying in 500ms
generateQuiz attempt 2/3 failed (MALFORMED_RESPONSE), retrying in 1000ms
generateQuiz attempt 1/3 failed (MALFORMED_RESPONSE), retrying in 500ms
generateQuiz attempt 2/3 failed (MALFORMED_RESPONSE), retrying in 1000ms
generateQuiz attempt 1/3 failed (MALFORMED_RESPONSE), retrying in 500ms
generateQuiz attempt 1/3 failed (MALFORMED_RESPONSE), retrying in 500ms
  N3/en: generated 47, inserted 47  [running total inserted 537, failed 13]
generateQuiz attempt 1/3 failed (MALFORMED_RESPONSE), retrying in 500ms
generateQuiz attempt 2/3 failed (MALFORMED_RESPONSE), retrying in 1000ms
generateQuiz attempt 1/3 failed (MALFORMED_RESPONSE), retrying in 500ms
generateQuiz attempt 1/3 failed (MALFORMED_RESPONSE), retrying in 500ms
generateQuiz attempt 1/3 failed (MALFORMED_RESPONSE), retrying in 500ms
generateQuiz attempt 1/3 failed (MALFORMED_RESPONSE), retrying in 500ms
generateQuiz attempt 1/3 failed (MALFORMED_RESPONSE), retrying in 500ms
generateQuiz attempt 1/3 failed (MALFORMED_RESPONSE), retrying in 500ms
generateQuiz attempt 1/3 failed (MALFORMED_RESPONSE), retrying in 500ms
generateQuiz attempt 1/3 failed (MALFORMED_RESPONSE), retrying in 500ms
generateQuiz attempt 2/3 failed (MALFORMED_RESPONSE), retrying in 1000ms
generateQuiz attempt 1/3 failed (MALFORMED_RESPONSE), retrying in 500ms
generateQuiz attempt 1/3 failed (MALFORMED_RESPONSE), retrying in 500ms
generateQuiz attempt 2/3 failed (MALFORMED_RESPONSE), retrying in 1000ms
generateQuiz attempt 1/3 failed (MALFORMED_RESPONSE), retrying in 500ms
  N3/zh: generated 50, inserted 50  [running total inserted 587, failed 13]
generateQuiz attempt 1/3 failed (MALFORMED_RESPONSE), retrying in 500ms
generateQuiz attempt 1/3 failed (MALFORMED_RESPONSE), retrying in 500ms
generateQuiz attempt 1/3 failed (MALFORMED_RESPONSE), retrying in 500ms
generateQuiz attempt 1/3 failed (MALFORMED_RESPONSE), retrying in 500ms
generateQuiz attempt 1/3 failed (MALFORMED_RESPONSE), retrying in 500ms
generateQuiz attempt 1/3 failed (MALFORMED_RESPONSE), retrying in 500ms
generateQuiz attempt 2/3 failed (MALFORMED_RESPONSE), retrying in 1000ms
generateQuiz attempt 1/3 failed (MALFORMED_RESPONSE), retrying in 500ms
generateQuiz attempt 2/3 failed (MALFORMED_RESPONSE), retrying in 1000ms
generateQuiz attempt 1/3 failed (MALFORMED_RESPONSE), retrying in 500ms
generateQuiz attempt 1/3 failed (MALFORMED_RESPONSE), retrying in 500ms
generateQuiz attempt 2/3 failed (MALFORMED_RESPONSE), retrying in 1000ms
generateQuiz attempt 1/3 failed (MALFORMED_RESPONSE), retrying in 500ms
generateQuiz attempt 1/3 failed (MALFORMED_RESPONSE), retrying in 500ms
generateQuiz attempt 1/3 failed (MALFORMED_RESPONSE), retrying in 500ms
generateQuiz attempt 1/3 failed (MALFORMED_RESPONSE), retrying in 500ms
generateQuiz attempt 1/3 failed (MALFORMED_RESPONSE), retrying in 500ms
generateQuiz attempt 1/3 failed (MALFORMED_RESPONSE), retrying in 500ms
generateQuiz attempt 2/3 failed (MALFORMED_RESPONSE), retrying in 1000ms
generateQuiz attempt 1/3 failed (MALFORMED_RESPONSE), retrying in 500ms
generateQuiz attempt 2/3 failed (MALFORMED_RESPONSE), retrying in 1000ms
  N3/es: generated 48, inserted 48  [running total inserted 635, failed 15]
generateQuiz attempt 1/3 failed (MALFORMED_RESPONSE), retrying in 500ms
generateQuiz attempt 1/3 failed (MALFORMED_RESPONSE), retrying in 500ms
generateQuiz attempt 1/3 failed (MALFORMED_RESPONSE), retrying in 500ms
generateQuiz attempt 1/3 failed (MALFORMED_RESPONSE), retrying in 500ms
generateQuiz attempt 1/3 failed (MALFORMED_RESPONSE), retrying in 500ms
generateQuiz attempt 1/3 failed (MALFORMED_RESPONSE), retrying in 500ms
generateQuiz attempt 1/3 failed (MALFORMED_RESPONSE), retrying in 500ms
generateQuiz attempt 2/3 failed (MALFORMED_RESPONSE), retrying in 1000ms
generateQuiz attempt 1/3 failed (MALFORMED_RESPONSE), retrying in 500ms
generateQuiz attempt 1/3 failed (MALFORMED_RESPONSE), retrying in 500ms
  N3/th: generated 49, inserted 49  [running total inserted 684, failed 16]
generateQuiz attempt 1/3 failed (MALFORMED_RESPONSE), retrying in 500ms
generateQuiz attempt 1/3 failed (MALFORMED_RESPONSE), retrying in 500ms
generateQuiz attempt 1/3 failed (MALFORMED_RESPONSE), retrying in 500ms
generateQuiz attempt 1/3 failed (MALFORMED_RESPONSE), retrying in 500ms
generateQuiz attempt 1/3 failed (MALFORMED_RESPONSE), retrying in 500ms
generateQuiz attempt 2/3 failed (MALFORMED_RESPONSE), retrying in 1000ms
generateQuiz attempt 1/3 failed (MALFORMED_RESPONSE), retrying in 500ms
generateQuiz attempt 1/3 failed (MALFORMED_RESPONSE), retrying in 500ms
generateQuiz attempt 1/3 failed (MALFORMED_RESPONSE), retrying in 500ms
generateQuiz attempt 1/3 failed (MALFORMED_RESPONSE), retrying in 500ms
generateQuiz attempt 1/3 failed (MALFORMED_RESPONSE), retrying in 500ms
generateQuiz attempt 1/3 failed (MALFORMED_RESPONSE), retrying in 500ms
generateQuiz attempt 2/3 failed (MALFORMED_RESPONSE), retrying in 1000ms
generateQuiz attempt 1/3 failed (MALFORMED_RESPONSE), retrying in 500ms
generateQuiz attempt 1/3 failed (MALFORMED_RESPONSE), retrying in 500ms
generateQuiz attempt 1/3 failed (MALFORMED_RESPONSE), retrying in 500ms
generateQuiz attempt 2/3 failed (MALFORMED_RESPONSE), retrying in 1000ms
generateQuiz attempt 1/3 failed (MALFORMED_RESPONSE), retrying in 500ms
  N3/id: generated 48, inserted 48  [running total inserted 732, failed 18]
generateQuiz attempt 1/3 failed (MALFORMED_RESPONSE), retrying in 500ms
generateQuiz attempt 1/3 failed (MALFORMED_RESPONSE), retrying in 500ms
generateQuiz attempt 1/3 failed (MALFORMED_RESPONSE), retrying in 500ms
generateQuiz attempt 1/3 failed (MALFORMED_RESPONSE), retrying in 500ms
generateQuiz attempt 1/3 failed (MALFORMED_RESPONSE), retrying in 500ms
generateQuiz attempt 1/3 failed (MALFORMED_RESPONSE), retrying in 500ms
generateQuiz attempt 1/3 failed (MALFORMED_RESPONSE), retrying in 500ms
generateQuiz attempt 2/3 failed (MALFORMED_RESPONSE), retrying in 1000ms
  N4/en: generated 50, inserted 50  [running total inserted 782, failed 18]
generateQuiz attempt 1/3 failed (MALFORMED_RESPONSE), retrying in 500ms
generateQuiz attempt 2/3 failed (MALFORMED_RESPONSE), retrying in 1000ms
generateQuiz attempt 1/3 failed (MALFORMED_RESPONSE), retrying in 500ms
generateQuiz attempt 1/3 failed (MALFORMED_RESPONSE), retrying in 500ms
generateQuiz attempt 1/3 failed (MALFORMED_RESPONSE), retrying in 500ms
generateQuiz attempt 1/3 failed (MALFORMED_RESPONSE), retrying in 500ms
generateQuiz attempt 1/3 failed (MALFORMED_RESPONSE), retrying in 500ms
  N4/zh: generated 50, inserted 50  [running total inserted 832, failed 18]
generateQuiz attempt 1/3 failed (MALFORMED_RESPONSE), retrying in 500ms
generateQuiz attempt 2/3 failed (MALFORMED_RESPONSE), retrying in 1000ms
generateQuiz attempt 1/3 failed (MALFORMED_RESPONSE), retrying in 500ms
generateQuiz attempt 1/3 failed (MALFORMED_RESPONSE), retrying in 500ms
generateQuiz attempt 1/3 failed (MALFORMED_RESPONSE), retrying in 500ms
generateQuiz attempt 1/3 failed (MALFORMED_RESPONSE), retrying in 500ms
generateQuiz attempt 1/3 failed (MALFORMED_RESPONSE), retrying in 500ms
generateQuiz attempt 1/3 failed (MALFORMED_RESPONSE), retrying in 500ms
generateQuiz attempt 2/3 failed (MALFORMED_RESPONSE), retrying in 1000ms
generateQuiz attempt 1/3 failed (MALFORMED_RESPONSE), retrying in 500ms
generateQuiz attempt 1/3 failed (MALFORMED_RESPONSE), retrying in 500ms
generateQuiz attempt 2/3 failed (MALFORMED_RESPONSE), retrying in 1000ms
  N4/es: generated 49, inserted 49  [running total inserted 881, failed 19]
generateQuiz attempt 1/3 failed (MALFORMED_RESPONSE), retrying in 500ms
generateQuiz attempt 1/3 failed (MALFORMED_RESPONSE), retrying in 500ms
generateQuiz attempt 1/3 failed (MALFORMED_RESPONSE), retrying in 500ms
generateQuiz attempt 1/3 failed (MALFORMED_RESPONSE), retrying in 500ms
generateQuiz attempt 1/3 failed (MALFORMED_RESPONSE), retrying in 500ms
generateQuiz attempt 1/3 failed (MALFORMED_RESPONSE), retrying in 500ms
generateQuiz attempt 1/3 failed (MALFORMED_RESPONSE), retrying in 500ms
  N4/th: generated 50, inserted 50  [running total inserted 931, failed 19]
generateQuiz attempt 1/3 failed (MALFORMED_RESPONSE), retrying in 500ms
generateQuiz attempt 1/3 failed (MALFORMED_RESPONSE), retrying in 500ms
generateQuiz attempt 1/3 failed (MALFORMED_RESPONSE), retrying in 500ms
generateQuiz attempt 1/3 failed (MALFORMED_RESPONSE), retrying in 500ms
generateQuiz attempt 1/3 failed (MALFORMED_RESPONSE), retrying in 500ms
generateQuiz attempt 1/3 failed (MALFORMED_RESPONSE), retrying in 500ms
generateQuiz attempt 1/3 failed (MALFORMED_RESPONSE), retrying in 500ms
generateQuiz attempt 1/3 failed (MALFORMED_RESPONSE), retrying in 500ms
generateQuiz attempt 1/3 failed (MALFORMED_RESPONSE), retrying in 500ms
generateQuiz attempt 1/3 failed (MALFORMED_RESPONSE), retrying in 500ms
generateQuiz attempt 1/3 failed (MALFORMED_RESPONSE), retrying in 500ms
generateQuiz attempt 1/3 failed (MALFORMED_RESPONSE), retrying in 500ms
generateQuiz attempt 2/3 failed (MALFORMED_RESPONSE), retrying in 1000ms
  N4/id: generated 50, inserted 50  [running total inserted 981, failed 19]
generateQuiz attempt 1/3 failed (MALFORMED_RESPONSE), retrying in 500ms
generateQuiz attempt 1/3 failed (MALFORMED_RESPONSE), retrying in 500ms
generateQuiz attempt 1/3 failed (MALFORMED_RESPONSE), retrying in 500ms
generateQuiz attempt 1/3 failed (MALFORMED_RESPONSE), retrying in 500ms
generateQuiz attempt 1/3 failed (MALFORMED_RESPONSE), retrying in 500ms
generateQuiz attempt 1/3 failed (MALFORMED_RESPONSE), retrying in 500ms
generateQuiz attempt 1/3 failed (MALFORMED_RESPONSE), retrying in 500ms
generateQuiz attempt 1/3 failed (MALFORMED_RESPONSE), retrying in 500ms
generateQuiz attempt 1/3 failed (MALFORMED_RESPONSE), retrying in 500ms
generateQuiz attempt 1/3 failed (MALFORMED_RESPONSE), retrying in 500ms
generateQuiz attempt 1/3 failed (MALFORMED_RESPONSE), retrying in 500ms
  N5/en: generated 50, inserted 50  [running total inserted 1031, failed 19]
generateQuiz attempt 1/3 failed (MALFORMED_RESPONSE), retrying in 500ms
generateQuiz attempt 1/3 failed (MALFORMED_RESPONSE), retrying in 500ms
generateQuiz attempt 1/3 failed (MALFORMED_RESPONSE), retrying in 500ms
generateQuiz attempt 2/3 failed (MALFORMED_RESPONSE), retrying in 1000ms
generateQuiz attempt 1/3 failed (MALFORMED_RESPONSE), retrying in 500ms
  N5/zh: generated 49, inserted 49  [running total inserted 1080, failed 20]
generateQuiz attempt 1/3 failed (MALFORMED_RESPONSE), retrying in 500ms
generateQuiz attempt 1/3 failed (MALFORMED_RESPONSE), retrying in 500ms
generateQuiz attempt 1/3 failed (MALFORMED_RESPONSE), retrying in 500ms
  N5/es: generated 50, inserted 50  [running total inserted 1130, failed 20]
generateQuiz attempt 1/3 failed (MALFORMED_RESPONSE), retrying in 500ms
generateQuiz attempt 1/3 failed (MALFORMED_RESPONSE), retrying in 500ms
generateQuiz attempt 1/3 failed (MALFORMED_RESPONSE), retrying in 500ms
generateQuiz attempt 1/3 failed (MALFORMED_RESPONSE), retrying in 500ms
  N5/th: generated 50, inserted 50  [running total inserted 1180, failed 20]
generateQuiz attempt 1/3 failed (MALFORMED_RESPONSE), retrying in 500ms
generateQuiz attempt 2/3 failed (MALFORMED_RESPONSE), retrying in 1000ms
generateQuiz attempt 1/3 failed (MALFORMED_RESPONSE), retrying in 500ms
generateQuiz attempt 1/3 failed (MALFORMED_RESPONSE), retrying in 500ms
generateQuiz attempt 1/3 failed (MALFORMED_RESPONSE), retrying in 500ms
  N5/id: generated 49, inserted 49  [running total inserted 1229, failed 21]
REGEN DONE 2026-06-08T00:22:46.495Z · generated 1229, inserted 1229, failed 21
